// Jest Snapshot v1, https://goo.gl/fbAQLP

exports[`should render the dashboard page correctly 1`] = `
<React.Fragment>
  <div
    className="page-header"
  >
    <div
      className="content-container"
    >
      <h1
        className="page-header__title"
      >
        Care about your blog
      </h1>
    </div>
  </div>
  <div
    className="content-container"
  >
    <Connect(PostList) />
    <Link
      className="button"
      replace={false}
      to="./add"
    >
      Add Post
    </Link>
  </div>
</React.Fragment>
`;
