// Jest Snapshot v1, https://goo.gl/fbAQLP

exports[`should render the PostListItem correctly 1`] = `
<section>
  <Link
    className="list-item"
    replace={false}
    to="post/Some-Title"
  >
    <h1
      className="list-item__title"
    >
      Some Title
    </h1>
    <h2
      className="list-item__subtitle"
    >
      A great subtitle
    </h2>
    <p
      className="list-item__data"
    >
      By 
      Author of 1
       on 
      01.01.1970
    </p>
  </Link>
</section>
`;
