// Jest Snapshot v1, https://goo.gl/fbAQLP

exports[`post list should render correctly with posts 1`] = `
<div
  className="content-container"
>
  <React.Fragment
    key="1"
  >
    <PostListItem
      post={
        Object {
          "author": "Author of 1",
          "content": "This is a Content of a Post...",
          "date": 0,
          "id": 1,
          "published": true,
          "title": "Some Title",
        }
      }
    />
    <hr
      className="bar--light-grey"
    />
  </React.Fragment>
  <React.Fragment
    key="2"
  >
    <PostListItem
      post={
        Object {
          "author": "Author of 2",
          "content": "This is a second Content of a Post...",
          "date": 1000,
          "id": 2,
          "published": true,
          "title": "Some Title 2",
        }
      }
    />
    <hr
      className="bar--light-grey"
    />
  </React.Fragment>
  <React.Fragment
    key="3"
  >
    <PostListItem
      post={
        Object {
          "author": "Author of 3",
          "content": "This is a third Content of a Post...",
          "date": 2000,
          "id": 3,
          "published": true,
          "title": "Some Title 3",
        }
      }
    />
  </React.Fragment>
</div>
`;

exports[`post list should render correctly without posts 1`] = `
<div
  className="content-container"
>
  <p>
    There are no posts available
  </p>
</div>
`;
