// Jest Snapshot v1, https://goo.gl/fbAQLP

exports[`should render one post page correctly 1`] = `
<article>
  <header
    className="page-header"
  >
    <div
      className="content-container align-left"
    >
      <h1
        className="page-header__title page-header__title--l"
      >
        Some Title
      </h1>
      <h2
        className="page-header__subtitle"
      />
      <p
        className="page-header__info"
      >
        Posted by 
        Author of 1
         on 
        <time>
          01. Jan 1970
        </time>
      </p>
    </div>
  </header>
  <ReactMarkdown
    astPlugins={Array []}
    className="content-container"
    container="section"
    escapeHtml={true}
    plugins={Array []}
    rawSourcePos={false}
    renderers={Object {}}
    skipHtml={false}
    sourcePos={false}
    transformLinkUri={[Function]}
  >
    This is a Content of a Post...
  </ReactMarkdown>
</article>
`;
