// Jest Snapshot v1, https://goo.gl/fbAQLP

exports[`post list should render correctly 1`] = `
<div
  className="post-preview-item"
>
  <Link
    className="post-preview-item__link"
    replace={false}
    to="post/1"
  >
    <h3
      className="post-preview-item__title"
    >
      Some Title
    </h3>
    <p
      className="post-preview-item__subtitle"
    >
      This is a Content of a Post...
    </p>
  </Link>
  <span
    className="post-preview-item__data"
  >
    Posted by 
    Author of 1
     at 
    01. Jan 1970
  </span>
</div>
`;
