// Jest Snapshot v1, https://goo.gl/fbAQLP

exports[`should render one post page correctly 1`] = `
<React.Fragment>
  <div
    className="page-header"
  >
    <div
      className="content-container"
    >
      <h1
        className="page-header__title page-header__title--xl"
      >
        Some Title
      </h1>
      <h2
        className="page-header__subtitle"
      />
    </div>
  </div>
  <Remarkable
    container="div"
    options={Object {}}
  >
    This is a Content of a Post...
  </Remarkable>
</React.Fragment>
`;
