// Jest Snapshot v1, https://goo.gl/fbAQLP

exports[`post list should render correctly with posts 1`] = `
<div
  className="content-container"
>
  <React.Fragment
    key="1"
  >
    <div
      className="post-preview"
    >
      <h3
        className="post-preview__title"
      >
        Some Title
      </h3>
      <p
        className="post-preview__subtitle"
      >
        This is a Content of a Post...
      </p>
      <span
        className="post-preview__data"
      >
        Posted by 
        Author of 1
         at 
        01. Jan 1970
      </span>
    </div>
    <hr
      className="post-preview__separator"
    />
  </React.Fragment>
  <React.Fragment
    key="2"
  >
    <div
      className="post-preview"
    >
      <h3
        className="post-preview__title"
      >
        Some Title 2
      </h3>
      <p
        className="post-preview__subtitle"
      >
        This is a second Content of a Post...
      </p>
      <span
        className="post-preview__data"
      >
        Posted by 
        Author of 2
         at 
        01. Jan 1970
      </span>
    </div>
    <hr
      className="post-preview__separator"
    />
  </React.Fragment>
  <React.Fragment
    key="3"
  >
    <div
      className="post-preview"
    >
      <h3
        className="post-preview__title"
      >
        Some Title 3
      </h3>
      <p
        className="post-preview__subtitle"
      >
        This is a third Content of a Post...
      </p>
      <span
        className="post-preview__data"
      >
        Posted by 
        Author of 3
         at 
        01. Jan 1970
      </span>
    </div>
  </React.Fragment>
</div>
`;

exports[`post list should render correctly without posts 1`] = `
<div
  className="content-container"
>
  <p>
    There are no posts available
  </p>
</div>
`;
