// Jest Snapshot v1, https://goo.gl/fbAQLP

exports[`should render one post page correctly 1`] = `
<React.Fragment>
  <div
    className="page-header"
  >
    <div
      className="content-container align-left"
    >
      <h1
        className="page-header__title page-header__title--l"
      >
        Some Title
      </h1>
      <h2
        className="page-header__subtitle"
      />
      <h3
        className="page-header__info"
      >
        Posted by 
        Author of 1
         on 
        01. Jan 1970
      </h3>
    </div>
  </div>
  <Remarkable
    container="div"
    options={Object {}}
  >
    This is a Content of a Post...
  </Remarkable>
</React.Fragment>
`;
